Γû▓ Next.js 16.1.6 (Turbopack)
- Environments: .env
- Experiments (use with caution):
  ┬╖ staleTimes

  Creating an optimized production build ...
node.exe : 
At line:1 char:1
+ & "C:\Program Files\nodejs/node.exe" "C:\Program 
Files\nodejs/node_mo ...
+ ~~~~~~~~~~~~~~~~~~~~~~~~~~~~~~~~~~~~~~~~~~~~~~~~~~~~~~~~~~~~~
~~~~~~~~
    + CategoryInfo          : NotSpecified: (:String) [], Remo 
   teException
    + FullyQualifiedErrorId : NativeCommandError
 
> Build error occurred
Error: Turbopack build failed with 9 errors:
./node_modules/@sanity/ui/dist/_chunks-es/_visual-editing.mjs:5
:1
Module not found: Can't resolve 'styled-components'
[0m [90m 3 |[39m [36mimport[39m { c } [36mfrom[39m 
[32m"react-compiler-runtime"[39m[33m;[39m
 [90m 4 |[39m [36mimport[39m { createContext[33m,[39m 
useContext[33m,[39m forwardRef[33m,[39m useId[33m,[39m 
useState[33m,[39m useEffect[33m,[39m 
[33mChildren[39m[33m,[39m isValidElement[33m,[39m 
cloneElement[33m,[39m useDebugValue[33m,[39m 
useSyncExternalStore[33m,[39m useRef[33m,[39m 
useImperativeHandle[33m,[39m lazy[33m,[39m 
[33mSuspense[39m[33m,[39m useLayoutEffect } [36mfrom[39m 
[32m"react"[39m[33m;[39m
[31m[1m>[22m[39m[90m 5 |[39m [36mimport[39m { 
[33mThemeProvider[39m [36mas[39m 
[33mThemeProvider$1[39m[33m,[39m useTheme [36mas[39m 
useTheme$1[33m,[39m css[33m,[39m styled[33m,[39m 
keyframes } [36mfrom[39m 
[32m"styled-components"[39m[33m;[39m
 [90m   |[39m [31m[1m^[22m[39m[31m[1m^[22m[39m[31m[
1m^[22m[39m[31m[1m^[22m[39m[31m[1m^[22m[39m[31m[1m^
[22m[39m[31m[1m^[22m[39m[31m[1m^[22m[39m[31m[1m^[2
2m[39m[31m[1m^[22m[39m[31m[1m^[22m[39m[31m[1m^[22m
[39m[31m[1m^[22m[39m[31m[1m^[22m[39m[31m[1m^[22m[39
m[31m[1m^[22m[39m[31m[1m^[22m[39m[31m[1m^[22m[39m[
31m[1m^[22m[39m[31m[1m^[22m[39m[31m[1m^[22m[39m[31m
[1m^[22m[39m[31m[1m^[22m[39m[31m[1m^[22m[39m[31m[1
m^[22m[39m[31m[1m^[22m[39m[31m[1m^[22m[39m[31m[1m^
[22m[39m[31m[1m^[22m[39m[31m[1m^[22m[39m[31m[1m^[22
m[39m[31m[1m^[22m[39m[31m[1m^[22m[39m[31m[1m^[22m[
39m[31m[1m^[22m[39m[31m[1m^[22m[39m[31m[1m^[22m[39m
[31m[1m^[22m[39m[31m[1m^[22m[39m[31m[1m^[22m[39m[3
1m[1m^[22m[39m[31m[1m^[22m[39m[31m[1m^[22m[39m[31m
[1m^[22m[39m[31m[1m^[22m[39m[31m[1m^[22m[39m[31m[1m
^[22m[39m[31m[1m^[22m[39m[31m[1m^[22m[39m[31m[1m^[
22m[39m[31m[1m^[22m[39m[31m[1m^[22m[39m[31m[1m^[22m
[39m[31m[1m^[22m[39m[31m[1m^[22m[39m[31m[1m^[22m[3
9m[31m[1m^[22m[39m[31m[1m^[22m[39m[31m[1m^[22m[39m
[31m[1m^[22m[39m[31m[1m^[22m[39m[31m[1m^[22m[39m[31
m[1m^[22m[39m[31m[1m^[22m[39m[31m[1m^[22m[39m[31m[
1m^[22m[39m[31m[1m^[22m[39m[31m[1m^[22m[39m[31m[1m^
[22m[39m[31m[1m^[22m[39m[31m[1m^[22m[39m[31m[1m^[2
2m[39m[31m[1m^[22m[39m[31m[1m^[22m[39m[31m[1m^[22m
[39m[31m[1m^[22m[39m[31m[1m^[22m[39m[31m[1m^[22m[39
m[31m[1m^[22m[39m[31m[1m^[22m[39m[31m[1m^[22m[39m[
31m[1m^[22m[39m[31m[1m^[22m[39m[31m[1m^[22m[39m[31m
[1m^[22m[39m[31m[1m^[22m[39m[31m[1m^[22m[39m[31m[1
m^[22m[39m[31m[1m^[22m[39m[31m[1m^[22m[39m[31m[1m^
[22m[39m[31m[1m^[22m[39m[31m[1m^[22m[39m[31m[1m^[22
m[39m[31m[1m^[22m[39m[31m[1m^[22m[39m[31m[1m^[22m[
39m[31m[1m^[22m[39m[31m[1m^[22m[39m[31m[1m^[22m[39m
[31m[1m^[22m[39m[31m[1m^[22m[39m[31m[1m^[22m[39m[3
1m[1m^[22m[39m[31m[1m^[22m[39m[31m[1m^[22m[39m[31m
[1m^[22m[39m[31m[1m^[22m[39m[31m[1m^[22m[39m[31m[1m
^[22m[39m[31m[1m^[22m[39m[31m[1m^[22m[39m[31m[1m^[
22m[39m[31m[1m^[22m[39m[31m[1m^[22m[39m[31m[1m^[22m
[39m[31m[1m^[22m[39m
 [90m 6 |[39m [36mimport[39m [33mReactIs[39m[33m,[39m 
{ isValidElementType } [36mfrom[39m 
[32m"react-is"[39m[33m;[39m
 [90m 7 |[39m [36mimport[39m { 
[33mSpinnerIcon[39m[33m,[39m 
[33mCheckmarkIcon[39m[33m,[39m 
[33mRemoveIcon[39m[33m,[39m 
[33mChevronDownIcon[39m[33m,[39m 
[33mCloseIcon[39m[33m,[39m [33mChevronRightIcon[39m } 
[36mfrom[39m [32m"@sanity/icons"[39m[33m;[39m
 [90m 8 |[39m [36mimport[39m { detectOverflow[33m,[39m 
useFloating[33m,[39m autoPlacement[33m,[39m 
flip[33m,[39m offset[33m,[39m shift[33m,[39m 
arrow[33m,[39m hide[33m,[39m autoUpdate } [36mfrom[39m 
[32m"@floating-ui/react-dom"[39m[33m;[39m[0m



Import traces:
  Client Component Browser:
    
./node_modules/@sanity/ui/dist/_chunks-es/_visual-editing.mjs 
[Client Component Browser]
    ./node_modules/sanity/lib/index.js [Client Component 
Browser]
    ./sanity.config.ts [Client Component Browser]
    ./src/app/studio/[[...index]]/page.tsx [Client Component 
Browser]
    ./src/app/studio/[[...index]]/page.tsx [Server Component]

  Client Component SSR:
    
./node_modules/@sanity/ui/dist/_chunks-es/_visual-editing.mjs 
[Client Component SSR]
    ./node_modules/sanity/lib/index.js [Client Component SSR]
    ./sanity.config.ts [Client Component SSR]
    ./src/app/studio/[[...index]]/page.tsx [Client Component 
SSR]
    ./src/app/studio/[[...index]]/page.tsx [Server Component]

https://nextjs.org/docs/messages/module-not-found


./node_modules/@sanity/ui/dist/index.mjs:7:1
Module not found: Can't resolve 'styled-components'
[0m [90m  5 |[39m [36mimport[39m { 
[33mSpinnerIcon[39m[33m,[39m 
[33mChevronDownIcon[39m[33m,[39m 
[33mCloseIcon[39m[33m,[39m [33mToggleArrowRightIcon[39m 
} [36mfrom[39m [32m"@sanity/icons"[39m[33m;[39m
 [90m  6 |[39m [36mimport[39m { useState[33m,[39m 
useRef[33m,[39m useEffect[33m,[39m 
useImperativeHandle[33m,[39m [33mComponent[39m[33m,[39m 
forwardRef[33m,[39m useReducer[33m,[39m 
startTransition[33m,[39m cloneElement[33m,[39m 
[33mChildren[39m[33m,[39m isValidElement[33m,[39m 
[33mFragment[39m[33m,[39m useContext[33m,[39m 
useSyncExternalStore[33m,[39m useId } [36mfrom[39m 
[32m"react"[39m[33m;[39m
[31m[1m>[22m[39m[90m  7 |[39m [36mimport[39m { 
styled[33m,[39m keyframes[33m,[39m css } [36mfrom[39m 
[32m"styled-components"[39m[33m;[39m
 [90m    |[39m [31m[1m^[22m[39m[31m[1m^[22m[39m[31m
[1m^[22m[39m[31m[1m^[22m[39m[31m[1m^[22m[39m[31m[1m
^[22m[39m[31m[1m^[22m[39m[31m[1m^[22m[39m[31m[1m^[
22m[39m[31m[1m^[22m[39m[31m[1m^[22m[39m[31m[1m^[22m
[39m[31m[1m^[22m[39m[31m[1m^[22m[39m[31m[1m^[22m[3
9m[31m[1m^[22m[39m[31m[1m^[22m[39m[31m[1m^[22m[39m
[31m[1m^[22m[39m[31m[1m^[22m[39m[31m[1m^[22m[39m[31
m[1m^[22m[39m[31m[1m^[22m[39m[31m[1m^[22m[39m[31m[
1m^[22m[39m[31m[1m^[22m[39m[31m[1m^[22m[39m[31m[1m^
[22m[39m[31m[1m^[22m[39m[31m[1m^[22m[39m[31m[1m^[2
2m[39m[31m[1m^[22m[39m[31m[1m^[22m[39m[31m[1m^[22m
[39m[31m[1m^[22m[39m[31m[1m^[22m[39m[31m[1m^[22m[39
m[31m[1m^[22m[39m[31m[1m^[22m[39m[31m[1m^[22m[39m[
31m[1m^[22m[39m[31m[1m^[22m[39m[31m[1m^[22m[39m[31m
[1m^[22m[39m[31m[1m^[22m[39m[31m[1m^[22m[39m[31m[1
m^[22m[39m[31m[1m^[22m[39m[31m[1m^[22m[39m[31m[1m^
[22m[39m[31m[1m^[22m[39m[31m[1m^[22m[39m[31m[1m^[22
m[39m[31m[1m^[22m[39m[31m[1m^[22m[39m[31m[1m^[22m[
39m[31m[1m^[22m[39m[31m[1m^[22m[39m[31m[1m^[22m[39m
 [90m  8 |[39m [36mimport[39m { getTheme_v2 } 
[36mfrom[39m [32m"@sanity/ui/theme"[39m[33m;[39m
 [90m  9 |[39m [36mimport[39m { motion[33m,[39m 
[33mAnimatePresence[39m } [36mfrom[39m 
[32m"motion/react"[39m[33m;[39m
 [90m 10 |[39m [36mfunction[39m _raf(fn) {[0m



Import traces:
  Client Component Browser:
    ./node_modules/@sanity/ui/dist/index.mjs [Client Component 
Browser]
    ./node_modules/sanity/lib/index.js [Client Component 
Browser]
    ./sanity.config.ts [Client Component Browser]
    ./src/app/studio/[[...index]]/page.tsx [Client Component 
Browser]
    ./src/app/studio/[[...index]]/page.tsx [Server Component]

  Client Component SSR:
    ./node_modules/@sanity/ui/dist/index.mjs [Client Component 
SSR]
    ./node_modules/sanity/lib/index.js [Client Component SSR]
    ./sanity.config.ts [Client Component SSR]
    ./src/app/studio/[[...index]]/page.tsx [Client Component 
SSR]
    ./src/app/studio/[[...index]]/page.tsx [Server Component]

https://nextjs.org/docs/messages/module-not-found


./node_modules/@sanity/vision/lib/_chunks-es/SanityVision.js:18
:1
Module not found: Can't resolve 'styled-components'
[0m [90m 16 |[39m [36mimport[39m { tags } [36mfrom[39m 
[32m"@lezer/highlight"[39m[33m;[39m
 [90m 17 |[39m [36mimport[39m { hues } [36mfrom[39m 
[32m"@sanity/color"[39m[33m;[39m
[31m[1m>[22m[39m[90m 18 |[39m [36mimport[39m { 
styled[33m,[39m css } [36mfrom[39m 
[32m"styled-components"[39m[33m;[39m
 [90m    |[39m [31m[1m^[22m[39m[31m[1m^[22m[39m[31m
[1m^[22m[39m[31m[1m^[22m[39m[31m[1m^[22m[39m[31m[1m
^[22m[39m[31m[1m^[22m[39m[31m[1m^[22m[39m[31m[1m^[
22m[39m[31m[1m^[22m[39m[31m[1m^[22m[39m[31m[1m^[22m
[39m[31m[1m^[22m[39m[31m[1m^[22m[39m[31m[1m^[22m[3
9m[31m[1m^[22m[39m[31m[1m^[22m[39m[31m[1m^[22m[39m
[31m[1m^[22m[39m[31m[1m^[22m[39m[31m[1m^[22m[39m[31
m[1m^[22m[39m[31m[1m^[22m[39m[31m[1m^[22m[39m[31m[
1m^[22m[39m[31m[1m^[22m[39m[31m[1m^[22m[39m[31m[1m^
[22m[39m[31m[1m^[22m[39m[31m[1m^[22m[39m[31m[1m^[2
2m[39m[31m[1m^[22m[39m[31m[1m^[22m[39m[31m[1m^[22m
[39m[31m[1m^[22m[39m[31m[1m^[22m[39m[31m[1m^[22m[39
m[31m[1m^[22m[39m[31m[1m^[22m[39m[31m[1m^[22m[39m[
31m[1m^[22m[39m[31m[1m^[22m[39m[31m[1m^[22m[39m[31m
[1m^[22m[39m[31m[1m^[22m[39m[31m[1m^[22m[39m[31m[1
m^[22m[39m[31m[1m^[22m[39m
 [90m 19 |[39m [36mimport[39m { visionLocaleNamespace } 
[36mfrom[39m [32m"./index.js"[39m[33m;[39m
 [90m 20 |[39m [36mimport[39m debounce [36mfrom[39m 
[32m"lodash-es/debounce.js"[39m[33m;[39m
 [90m 21 |[39m [36mimport[39m [33mJSON5[39m 
[36mfrom[39m [32m"json5"[39m[33m;[39m[0m



Import traces:
  Client Component Browser:
    
./node_modules/@sanity/vision/lib/_chunks-es/SanityVision.js 
[Client Component Browser]
    ./node_modules/@sanity/vision/lib/_chunks-es/index.js 
[Client Component Browser]
    ./sanity.config.ts [Client Component Browser]
    ./src/app/studio/[[...index]]/page.tsx [Client Component 
Browser]
    ./src/app/studio/[[...index]]/page.tsx [Server Component]

  Client Component SSR:
    
./node_modules/@sanity/vision/lib/_chunks-es/SanityVision.js 
[Client Component SSR]
    ./node_modules/@sanity/vision/lib/_chunks-es/index.js 
[Client Component SSR]
    ./sanity.config.ts [Client Component SSR]
    ./src/app/studio/[[...index]]/page.tsx [Client Component 
SSR]
    ./src/app/studio/[[...index]]/page.tsx [Server Component]

https://nextjs.org/docs/messages/module-not-found


./node_modules/sanity/lib/_chunks-es/TooltipDelayGroupProvider.
js:7:1
Module not found: Can't resolve 'styled-components'
[0m [90m  5 |[39m [36mimport[39m { 
[33mSourceContext[39m } [36mfrom[39m 
[32m"sanity/_singletons"[39m[33m;[39m
 [90m  6 |[39m [36mimport[39m { isValidElementType } 
[36mfrom[39m [32m"react-is"[39m[33m;[39m
[31m[1m>[22m[39m[90m  7 |[39m [36mimport[39m { styled 
} [36mfrom[39m [32m"styled-components"[39m[33m;[39m
 [90m    |[39m [31m[1m^[22m[39m[31m[1m^[22m[39m[31m
[1m^[22m[39m[31m[1m^[22m[39m[31m[1m^[22m[39m[31m[1m
^[22m[39m[31m[1m^[22m[39m[31m[1m^[22m[39m[31m[1m^[
22m[39m[31m[1m^[22m[39m[31m[1m^[22m[39m[31m[1m^[22m
[39m[31m[1m^[22m[39m[31m[1m^[22m[39m[31m[1m^[22m[3
9m[31m[1m^[22m[39m[31m[1m^[22m[39m[31m[1m^[22m[39m
[31m[1m^[22m[39m[31m[1m^[22m[39m[31m[1m^[22m[39m[31
m[1m^[22m[39m[31m[1m^[22m[39m[31m[1m^[22m[39m[31m[
1m^[22m[39m[31m[1m^[22m[39m[31m[1m^[22m[39m[31m[1m^
[22m[39m[31m[1m^[22m[39m[31m[1m^[22m[39m[31m[1m^[2
2m[39m[31m[1m^[22m[39m[31m[1m^[22m[39m[31m[1m^[22m
[39m[31m[1m^[22m[39m[31m[1m^[22m[39m[31m[1m^[22m[39
m[31m[1m^[22m[39m[31m[1m^[22m[39m[31m[1m^[22m[39m[
31m[1m^[22m[39m[31m[1m^[22m[39m[31m[1m^[22m[39m
 [90m  8 |[39m [36mimport[39m { useTranslation } 
[36mfrom[39m [32m"react-i18next"[39m[33m;[39m
 [90m  9 |[39m [36mconst[39m [33mLARGE_BUTTON_PROPS[39m 
[33m=[39m {
 [90m 10 |[39m   space[33m:[39m [35m3[39m[33m,[39m[0m



Import traces:
  Client Component Browser:
    ./node_modules/sanity/lib/_chunks-es/TooltipDelayGroupProvi
der.js [Client Component Browser]
    ./node_modules/sanity/lib/index.js [Client Component 
Browser]
    ./sanity.config.ts [Client Component Browser]
    ./src/app/studio/[[...index]]/page.tsx [Client Component 
Browser]
    ./src/app/studio/[[...index]]/page.tsx [Server Component]

  Client Component SSR:
    ./node_modules/sanity/lib/_chunks-es/TooltipDelayGroupProvi
der.js [Client Component SSR]
    ./node_modules/sanity/lib/index.js [Client Component SSR]
    ./sanity.config.ts [Client Component SSR]
    ./src/app/studio/[[...index]]/page.tsx [Client Component 
SSR]
    ./src/app/studio/[[...index]]/page.tsx [Server Component]

https://nextjs.org/docs/messages/module-not-found


./node_modules/sanity/lib/_chunks-es/index2.js:10:1
Module not found: Can't resolve 'styled-components'
[0m [90m  8 |[39m [36mimport[39m { usePane[33m,[39m 
useStructureTool[33m,[39m [33mPaneHeader[39m[33m,[39m 
[33mPaneHeaderActions[39m[33m,[39m 
[33mBackLink[39m[33m,[39m [33mPane[39m } [36mfrom[39m 
[32m"./pane.js"[39m[33m;[39m
 [90m  9 |[39m [36mimport[39m { [33mBox[39m } 
[36mfrom[39m [32m"@sanity/ui"[39m[33m;[39m
[31m[1m>[22m[39m[90m 10 |[39m [36mimport[39m { styled 
} [36mfrom[39m [32m"styled-components"[39m[33m;[39m
 [90m    |[39m [31m[1m^[22m[39m[31m[1m^[22m[39m[31m
[1m^[22m[39m[31m[1m^[22m[39m[31m[1m^[22m[39m[31m[1m
^[22m[39m[31m[1m^[22m[39m[31m[1m^[22m[39m[31m[1m^[
22m[39m[31m[1m^[22m[39m[31m[1m^[22m[39m[31m[1m^[22m
[39m[31m[1m^[22m[39m[31m[1m^[22m[39m[31m[1m^[22m[3
9m[31m[1m^[22m[39m[31m[1m^[22m[39m[31m[1m^[22m[39m
[31m[1m^[22m[39m[31m[1m^[22m[39m[31m[1m^[22m[39m[31
m[1m^[22m[39m[31m[1m^[22m[39m[31m[1m^[22m[39m[31m[
1m^[22m[39m[31m[1m^[22m[39m[31m[1m^[22m[39m[31m[1m^
[22m[39m[31m[1m^[22m[39m[31m[1m^[22m[39m[31m[1m^[2
2m[39m[31m[1m^[22m[39m[31m[1m^[22m[39m[31m[1m^[22m
[39m[31m[1m^[22m[39m[31m[1m^[22m[39m[31m[1m^[22m[39
m[31m[1m^[22m[39m[31m[1m^[22m[39m[31m[1m^[22m[39m[
31m[1m^[22m[39m[31m[1m^[22m[39m[31m[1m^[22m[39m
 [90m 11 |[39m [36mimport[39m { [33mArrowLeftIcon[39m } 
[36mfrom[39m [32m"@sanity/icons"[39m[33m;[39m
 [90m 12 |[39m [36mconst[39m [33mRoot[39m [33m=[39m 
styled([33mBox[39m)[33m.[39mwithConfig({
 [90m 13 |[39m   displayName[33m:[39m 
[32m"Root"[39m[33m,[39m[0m



Import traces:
  Client Component Browser:
    ./node_modules/sanity/lib/_chunks-es/index2.js [Client 
Component Browser]
    ./node_modules/sanity/lib/_chunks-es/pane.js [Client 
Component Browser]
    ./node_modules/sanity/lib/desk.js [Client Component 
Browser]
    ./sanity.config.ts [Client Component Browser]
    ./src/app/studio/[[...index]]/page.tsx [Client Component 
Browser]
    ./src/app/studio/[[...index]]/page.tsx [Server Component]

  Client Component SSR:
    ./node_modules/sanity/lib/_chunks-es/index2.js [Client 
Component SSR]
    ./node_modules/sanity/lib/_chunks-es/pane.js [Client 
Component SSR]
    ./node_modules/sanity/lib/desk.js [Client Component SSR]
    ./sanity.config.ts [Client Component SSR]
    ./src/app/studio/[[...index]]/page.tsx [Client Component 
SSR]
    ./src/app/studio/[[...index]]/page.tsx [Server Component]

https://nextjs.org/docs/messages/module-not-found


./node_modules/sanity/lib/_chunks-es/index3.js:8:1
Module not found: Can't resolve 'styled-components'
[0m [90m  6 |[39m [36mimport[39m { 
usePaneLayout[33m,[39m [33mPaneContent[39m[33m,[39m 
[33mPaneItem[39m[33m,[39m useStructureTool[33m,[39m 
usePane[33m,[39m [33mPaneHeader[39m[33m,[39m 
[33mPaneHeaderActions[39m[33m,[39m 
[33mBackLink[39m[33m,[39m [33mPane[39m[33m,[39m _DEBUG 
} [36mfrom[39m [32m"./pane.js"[39m[33m;[39m
 [90m  7 |[39m [36mimport[39m { [33mBox[39m[33m,[39m 
[33mText[39m } [36mfrom[39m 
[32m"@sanity/ui"[39m[33m;[39m
[31m[1m>[22m[39m[90m  8 |[39m [36mimport[39m { styled 
} [36mfrom[39m [32m"styled-components"[39m[33m;[39m
 [90m    |[39m [31m[1m^[22m[39m[31m[1m^[22m[39m[31m
[1m^[22m[39m[31m[1m^[22m[39m[31m[1m^[22m[39m[31m[1m
^[22m[39m[31m[1m^[22m[39m[31m[1m^[22m[39m[31m[1m^[
22m[39m[31m[1m^[22m[39m[31m[1m^[22m[39m[31m[1m^[22m
[39m[31m[1m^[22m[39m[31m[1m^[22m[39m[31m[1m^[22m[3
9m[31m[1m^[22m[39m[31m[1m^[22m[39m[31m[1m^[22m[39m
[31m[1m^[22m[39m[31m[1m^[22m[39m[31m[1m^[22m[39m[31
m[1m^[22m[39m[31m[1m^[22m[39m[31m[1m^[22m[39m[31m[
1m^[22m[39m[31m[1m^[22m[39m[31m[1m^[22m[39m[31m[1m^
[22m[39m[31m[1m^[22m[39m[31m[1m^[22m[39m[31m[1m^[2
2m[39m[31m[1m^[22m[39m[31m[1m^[22m[39m[31m[1m^[22m
[39m[31m[1m^[22m[39m[31m[1m^[22m[39m[31m[1m^[22m[39
m[31m[1m^[22m[39m[31m[1m^[22m[39m[31m[1m^[22m[39m[
31m[1m^[22m[39m[31m[1m^[22m[39m[31m[1m^[22m[39m
 [90m  9 |[39m [36mimport[39m { [33mArrowLeftIcon[39m } 
[36mfrom[39m [32m"@sanity/icons"[39m[33m;[39m
 [90m 10 |[39m [36mconst[39m [33mDividerContainer[39m 
[33m=[39m styled([33mBox[39m)[33m.[39mwithConfig({
 [90m 11 |[39m   displayName[33m:[39m 
[32m"DividerContainer"[39m[33m,[39m[0m



Import traces:
  Client Component Browser:
    ./node_modules/sanity/lib/_chunks-es/index3.js [Client 
Component Browser]
    ./node_modules/sanity/lib/_chunks-es/pane.js [Client 
Component Browser]
    ./node_modules/sanity/lib/desk.js [Client Component 
Browser]
    ./sanity.config.ts [Client Component Browser]
    ./src/app/studio/[[...index]]/page.tsx [Client Component 
Browser]
    ./src/app/studio/[[...index]]/page.tsx [Server Component]

  Client Component SSR:
    ./node_modules/sanity/lib/_chunks-es/index3.js [Client 
Component SSR]
    ./node_modules/sanity/lib/_chunks-es/pane.js [Client 
Component SSR]
    ./node_modules/sanity/lib/desk.js [Client Component SSR]
    ./sanity.config.ts [Client Component SSR]
    ./src/app/studio/[[...index]]/page.tsx [Client Component 
SSR]
    ./src/app/studio/[[...index]]/page.tsx [Server Component]

https://nextjs.org/docs/messages/module-not-found


./node_modules/sanity/lib/_chunks-es/index4.js:16:1
Module not found: Can't resolve 'styled-components'
[0m [90m 14 |[39m [36mimport[39m { 
[33mSyncIcon[39m[33m,[39m [33mWarningOutlineIcon[39m } 
[36mfrom[39m [32m"@sanity/icons"[39m[33m;[39m
 [90m 15 |[39m [36mimport[39m { [33mStack[39m[33m,[39m 
[33mText[39m[33m,[39m [33mCode[39m[33m,[39m 
[33mBox[39m[33m,[39m [33mCard[39m[33m,[39m 
[33mContainer[39m[33m,[39m [33mHeading[39m[33m,[39m 
[33mFlex[39m[33m,[39m useToast[33m,[39m 
useTheme[33m,[39m [33mPortalProvider[39m } [36mfrom[39m 
[32m"@sanity/ui"[39m[33m;[39m
[31m[1m>[22m[39m[90m 16 |[39m [36mimport[39m { styled 
} [36mfrom[39m [32m"styled-components"[39m[33m;[39m
 [90m    |[39m [31m[1m^[22m[39m[31m[1m^[22m[39m[31m
[1m^[22m[39m[31m[1m^[22m[39m[31m[1m^[22m[39m[31m[1m
^[22m[39m[31m[1m^[22m[39m[31m[1m^[22m[39m[31m[1m^[
22m[39m[31m[1m^[22m[39m[31m[1m^[22m[39m[31m[1m^[22m
[39m[31m[1m^[22m[39m[31m[1m^[22m[39m[31m[1m^[22m[3
9m[31m[1m^[22m[39m[31m[1m^[22m[39m[31m[1m^[22m[39m
[31m[1m^[22m[39m[31m[1m^[22m[39m[31m[1m^[22m[39m[31
m[1m^[22m[39m[31m[1m^[22m[39m[31m[1m^[22m[39m[31m[
1m^[22m[39m[31m[1m^[22m[39m[31m[1m^[22m[39m[31m[1m^
[22m[39m[31m[1m^[22m[39m[31m[1m^[22m[39m[31m[1m^[2
2m[39m[31m[1m^[22m[39m[31m[1m^[22m[39m[31m[1m^[22m
[39m[31m[1m^[22m[39m[31m[1m^[22m[39m[31m[1m^[22m[39
m[31m[1m^[22m[39m[31m[1m^[22m[39m[31m[1m^[22m[39m[
31m[1m^[22m[39m[31m[1m^[22m[39m[31m[1m^[22m[39m
 [90m 17 |[39m [36mimport[39m { isHotkey } [36mfrom[39m 
[32m"is-hotkey-esm"[39m[33m;[39m
 [90m 18 |[39m [36mimport[39m { 
[33mResolvedPanesProvider[39m } [36mfrom[39m 
[32m"sanity/_singletons"[39m[33m;[39m
 [90m 19 |[39m [36mimport[39m isEqual [36mfrom[39m 
[32m"lodash-es/isEqual.js"[39m[33m;[39m[0m



Import traces:
  Client Component Browser:
    ./node_modules/sanity/lib/_chunks-es/index4.js [Client 
Component Browser]
    ./node_modules/sanity/lib/_chunks-es/pane.js [Client 
Component Browser]
    ./node_modules/sanity/lib/desk.js [Client Component 
Browser]
    ./sanity.config.ts [Client Component Browser]
    ./src/app/studio/[[...index]]/page.tsx [Client Component 
Browser]
    ./src/app/studio/[[...index]]/page.tsx [Server Component]

  Client Component SSR:
    ./node_modules/sanity/lib/_chunks-es/index4.js [Client 
Component SSR]
    ./node_modules/sanity/lib/_chunks-es/pane.js [Client 
Component SSR]
    ./node_modules/sanity/lib/desk.js [Client Component SSR]
    ./sanity.config.ts [Client Component SSR]
    ./src/app/studio/[[...index]]/page.tsx [Client Component 
SSR]
    ./src/app/studio/[[...index]]/page.tsx [Server Component]

https://nextjs.org/docs/messages/module-not-found


./node_modules/sanity/lib/_chunks-es/pane.js:13:1
Module not found: Can't resolve 'styled-components'
[0m [90m 11 |[39m [36mimport[39m { 
[33mTransferIcon[39m[33m,[39m 
[33mCloseIcon[39m[33m,[39m [33mLockIcon[39m[33m,[39m 
[33mCheckmarkIcon[39m[33m,[39m 
[33mUnknownIcon[39m[33m,[39m 
[33mSearchIcon[39m[33m,[39m 
[33mDocumentRemoveIcon[39m[33m,[39m 
[33mReadOnlyIcon[39m[33m,[39m 
[33mErrorOutlineIcon[39m[33m,[39m 
[33mSyncIcon[39m[33m,[39m 
[33mWarningOutlineIcon[39m[33m,[39m 
[33mInfoOutlineIcon[39m[33m,[39m 
[33mComposeSparklesIcon[39m[33m,[39m 
[33mLaunchIcon[39m[33m,[39m [33mPauseIcon[39m[33m,[39m 
[33mUnpublishIcon[39m[33m,[39m 
[33mArrowRightIcon[39m[33m,[39m 
[33mStarFilledIcon[39m[33m,[39m 
[33mStarIcon[39m[33m,[39m 
[33mArrowLeftIcon[39m[33m,[39m 
[33mRevertIcon[39m[33m,[39m [33mShareIcon[39m[33m,[39m 
[33mLinkIcon[39m[33m,[39m [33mTargetIcon[39m[33m,[39m 
[33mChevronUpIcon[39m[33m,[39m 
[33mChevronDownIcon[39m[33m,[39m 
[33mSplitVerticalIcon[39m[33m,[39m 
[33mCollapseIcon[39m[33m,[39m 
[33mExpandIcon[39m[33m,[39m [33mTrashIcon[39m[33m,[39m 
[33mResetIcon[39m[33m,[39m [33mCopyIcon[39m[33m,[39m 
[33mPublishIcon[39m[33m,[39m [33mEditIcon[39m[33m,[39m 
[33mAddIcon[39m[33m,[39m 
[33mChevronLeftIcon[39m[33m,[39m 
[33mRestoreIcon[39m[33m,[39m 
[33mEarthAmericasIcon[39m[33m,[39m 
[33mJsonIcon[39m[33m,[39m 
[33mDocumentsIcon[39m[33m,[39m 
[33mChevronRightIcon[39m[33m,[39m 
[33mDocumentIcon[39m[33m,[39m 
[33mFolderIcon[39m[33m,[39m 
[33mSpinnerIcon[39m[33m,[39m 
[33mEllipsisHorizontalIcon[39m[33m,[39m 
[33mDoubleChevronLeftIcon[39m[33m,[39m 
[33mDoubleChevronRightIcon[39m[33m,[39m 
[33mCheckmarkCircleIcon[39m[33m,[39m 
[33mMasterDetailIcon[39m } [36mfrom[39m 
[32m"@sanity/icons"[39m[33m;[39m
 [90m 12 |[39m [36mimport[39m { uuid } [36mfrom[39m 
[32m"@sanity/uuid"[39m[33m;[39m
[31m[1m>[22m[39m[90m 13 |[39m [36mimport[39m { 
styled[33m,[39m css[33m,[39m keyframes } [36mfrom[39m 
[32m"styled-components"[39m[33m;[39m
 [90m    |[39m [31m[1m^[22m[39m[31m[1m^[22m[39m[31m
[1m^[22m[39m[31m[1m^[22m[39m[31m[1m^[22m[39m[31m[1m
^[22m[39m[31m[1m^[22m[39m[31m[1m^[22m[39m[31m[1m^[
22m[39m[31m[1m^[22m[39m[31m[1m^[22m[39m[31m[1m^[22m
[39m[31m[1m^[22m[39m[31m[1m^[22m[39m[31m[1m^[22m[3
9m[31m[1m^[22m[39m[31m[1m^[22m[39m[31m[1m^[22m[39m
[31m[1m^[22m[39m[31m[1m^[22m[39m[31m[1m^[22m[39m[31
m[1m^[22m[39m[31m[1m^[22m[39m[31m[1m^[22m[39m[31m[
1m^[22m[39m[31m[1m^[22m[39m[31m[1m^[22m[39m[31m[1m^
[22m[39m[31m[1m^[22m[39m[31m[1m^[22m[39m[31m[1m^[2
2m[39m[31m[1m^[22m[39m[31m[1m^[22m[39m[31m[1m^[22m
[39m[31m[1m^[22m[39m[31m[1m^[22m[39m[31m[1m^[22m[39
m[31m[1m^[22m[39m[31m[1m^[22m[39m[31m[1m^[22m[39m[
31m[1m^[22m[39m[31m[1m^[22m[39m[31m[1m^[22m[39m[31m
[1m^[22m[39m[31m[1m^[22m[39m[31m[1m^[22m[39m[31m[1
m^[22m[39m[31m[1m^[22m[39m[31m[1m^[22m[39m[31m[1m^
[22m[39m[31m[1m^[22m[39m[31m[1m^[22m[39m[31m[1m^[22
m[39m[31m[1m^[22m[39m[31m[1m^[22m[39m[31m[1m^[22m[
39m[31m[1m^[22m[39m[31m[1m^[22m[39m[31m[1m^[22m[39m
 [90m 14 |[39m [36mimport[39m { diffInput[33m,[39m wrap 
} [36mfrom[39m [32m"@sanity/diff"[39m[33m;[39m
 [90m 15 |[39m [36mimport[39m { useObservable[33m,[39m 
useObservableEvent } [36mfrom[39m 
[32m"react-rx"[39m[33m;[39m
 [90m 16 |[39m [36mimport[39m { 
[33mSubject[39m[33m,[39m distinctUntilChanged[33m,[39m 
filter[33m,[39m map[33m,[39m [36mof[39m[33m,[39m 
merge[33m,[39m startWith[33m,[39m catchError[33m,[39m 
concat[33m,[39m firstValueFrom[33m,[39m 
[33mBehaviorSubject[39m[33m,[39m [36mfrom[39m[33m,[39m 
fromEvent[33m,[39m [33mEMPTY[39m[33m,[39m 
timer[33m,[39m switchMap [36mas[39m switchMap$1[33m,[39m 
defer[33m,[39m mergeMap[33m,[39m throwError[33m,[39m 
share[33m,[39m partition[33m,[39m throttleTime[33m,[39m 
asyncScheduler[33m,[39m [33mNEVER[39m[33m,[39m tap 
[36mas[39m tap$1[33m,[39m debounce } [36mfrom[39m 
[32m"rxjs"[39m[33m;[39m[0m



Import traces:
  Client Component Browser:
    ./node_modules/sanity/lib/_chunks-es/pane.js [Client 
Component Browser]
    ./node_modules/sanity/lib/desk.js [Client Component 
Browser]
    ./sanity.config.ts [Client Component Browser]
    ./src/app/studio/[[...index]]/page.tsx [Client Component 
Browser]
    ./src/app/studio/[[...index]]/page.tsx [Server Component]

  Client Component SSR:
    ./node_modules/sanity/lib/_chunks-es/pane.js [Client 
Component SSR]
    ./node_modules/sanity/lib/desk.js [Client Component SSR]
    ./sanity.config.ts [Client Component SSR]
    ./src/app/studio/[[...index]]/page.tsx [Client Component 
SSR]
    ./src/app/studio/[[...index]]/page.tsx [Server Component]

https://nextjs.org/docs/messages/module-not-found


./node_modules/sanity/lib/index.js:12:1
Module not found: Can't resolve 'styled-components'
[0m [90m 10 |[39m [36mimport[39m { 
useVirtualizer[33m,[39m defaultRangeExtractor[33m,[39m 
elementScroll } [36mfrom[39m 
[32m"@tanstack/react-virtual"[39m[33m;[39m
 [90m 11 |[39m [36mimport[39m throttle [36mfrom[39m 
[32m"lodash-es/throttle.js"[39m[33m;[39m
[31m[1m>[22m[39m[90m 12 |[39m [36mimport[39m { 
styled[33m,[39m css[33m,[39m keyframes[33m,[39m useTheme 
[36mas[39m useTheme$1[33m,[39m createGlobalStyle } 
[36mfrom[39m [32m"styled-components"[39m[33m;[39m
 [90m    |[39m [31m[1m^[22m[39m[31m[1m^[22m[39m[31m
[1m^[22m[39m[31m[1m^[22m[39m[31m[1m^[22m[39m[31m[1m
^[22m[39m[31m[1m^[22m[39m[31m[1m^[22m[39m[31m[1m^[
22m[39m[31m[1m^[22m[39m[31m[1m^[22m[39m[31m[1m^[22m
[39m[31m[1m^[22m[39m[31m[1m^[22m[39m[31m[1m^[22m[3
9m[31m[1m^[22m[39m[31m[1m^[22m[39m[31m[1m^[22m[39m
[31m[1m^[22m[39m[31m[1m^[22m[39m[31m[1m^[22m[39m[31
m[1m^[22m[39m[31m[1m^[22m[39m[31m[1m^[22m[39m[31m[
1m^[22m[39m[31m[1m^[22m[39m[31m[1m^[22m[39m[31m[1m^
[22m[39m[31m[1m^[22m[39m[31m[1m^[22m[39m[31m[1m^[2
2m[39m[31m[1m^[22m[39m[31m[1m^[22m[39m[31m[1m^[22m
[39m[31m[1m^[22m[39m[31m[1m^[22m[39m[31m[1m^[22m[39
m[31m[1m^[22m[39m[31m[1m^[22m[39m[31m[1m^[22m[39m[
31m[1m^[22m[39m[31m[1m^[22m[39m[31m[1m^[22m[39m[31m
[1m^[22m[39m[31m[1m^[22m[39m[31m[1m^[22m[39m[31m[1
m^[22m[39m[31m[1m^[22m[39m[31m[1m^[22m[39m[31m[1m^
[22m[39m[31m[1m^[22m[39m[31m[1m^[22m[39m[31m[1m^[22
m[39m[31m[1m^[22m[39m[31m[1m^[22m[39m[31m[1m^[22m[
39m[31m[1m^[22m[39m[31m[1m^[22m[39m[31m[1m^[22m[39m
[31m[1m^[22m[39m[31m[1m^[22m[39m[31m[1m^[22m[39m[3
1m[1m^[22m[39m[31m[1m^[22m[39m[31m[1m^[22m[39m[31m
[1m^[22m[39m[31m[1m^[22m[39m[31m[1m^[22m[39m[31m[1m
^[22m[39m[31m[1m^[22m[39m[31m[1m^[22m[39m[31m[1m^[
22m[39m[31m[1m^[22m[39m[31m[1m^[22m[39m[31m[1m^[22m
[39m[31m[1m^[22m[39m[31m[1m^[22m[39m[31m[1m^[22m[3
9m[31m[1m^[22m[39m[31m[1m^[22m[39m[31m[1m^[22m[39m
[31m[1m^[22m[39m[31m[1m^[22m[39m[31m[1m^[22m[39m[31
m[1m^[22m[39m[31m[1m^[22m[39m[31m[1m^[22m[39m[31m[
1m^[22m[39m[31m[1m^[22m[39m[31m[1m^[22m[39m[31m[1m^
[22m[39m[31m[1m^[22m[39m[31m[1m^[22m[39m[31m[1m^[2
2m[39m[31m[1m^[22m[39m[31m[1m^[22m[39m[31m[1m^[22m
[39m[31m[1m^[22m[39m[31m[1m^[22m[39m[31m[1m^[22m[39
m[31m[1m^[22m[39m[31m[1m^[22m[39m
 [90m 13 |[39m [36mimport[39m { 
[33mEllipsisHorizontalIcon[39m[33m,[39m 
[33mErrorOutlineIcon[39m[33m,[39m 
[33mCircleIcon[39m[33m,[39m 
[33mCalendarIcon[39m[33m,[39m 
[33mUnpublishIcon[39m[33m,[39m 
[33mPublishIcon[39m[33m,[39m [33mEditIcon[39m[33m,[39m 
[33mCloseIcon[39m[33m,[39m [33mTrashIcon[39m[33m,[39m 
[33mAddCircleIcon[39m[33m,[39m 
[33mTimelineIcon[39m[33m,[39m 
[33mChevronRightIcon[39m[33m,[39m 
[33mDocumentIcon[39m[33m,[39m 
[33mImageIcon[39m[33m,[39m 
[33mChevronDownIcon[39m[33m,[39m 
[33mArrowRightIcon[39m[33m,[39m 
[33mArrowDownIcon[39m[33m,[39m 
[33mRevertIcon[39m[33m,[39m 
[33mWarningOutlineIcon[39m[33m,[39m 
[33mInfoOutlineIcon[39m[33m,[39m 
[33mCheckmarkIcon[39m[33m,[39m 
[33mAddIcon[39m[33m,[39m 
[33mHelpCircleIcon[39m[33m,[39m 
[33mAccessDeniedIcon[39m[33m,[39m 
[33mToggleArrowRightIcon[39m[33m,[39m 
[33mSyncIcon[39m[33m,[39m [33mLaunchIcon[39m[33m,[39m 
[33mBulbOutlineIcon[39m[33m,[39m 
[33mUnknownIcon[39m[33m,[39m [33mLinkIcon[39m[33m,[39m 
[33mChevronUpIcon[39m[33m,[39m 
[33mDownloadIcon[39m[33m,[39m 
[33mDocumentsIcon[39m[33m,[39m 
[33mUploadIcon[39m[33m,[39m 
[33mDragHandleIcon[39m[33m,[39m 
[33mInsertAboveIcon[39m[33m,[39m 
[33mInsertBelowIcon[39m[33m,[39m 
[33mCopyIcon[39m[33m,[39m 
[33mAddDocumentIcon[39m[33m,[39m 
[33mSearchIcon[39m[33m,[39m 
[33mChevronLeftIcon[39m[33m,[39m 
[33mEarthGlobeIcon[39m[33m,[39m 
[33mEarthAmericasIcon[39m[33m,[39m 
[33mUlistIcon[39m[33m,[39m [33mOlistIcon[39m[33m,[39m 
[33mCodeIcon[39m[33m,[39m 
[33mUnderlineIcon[39m[33m,[39m 
[33mStrikethroughIcon[39m[33m,[39m 
[33mItalicIcon[39m[33m,[39m [33mBoldIcon[39m[33m,[39m 
[33mBlockElementIcon[39m[33m,[39m 
[33mInlineElementIcon[39m[33m,[39m 
[33mCollapseIcon[39m[33m,[39m 
[33mExpandIcon[39m[33m,[39m [33mResetIcon[39m[33m,[39m 
[33mIcon[39m[33m,[39m [33mReadOnlyIcon[39m[33m,[39m 
[33mBinaryDocumentIcon[39m[33m,[39m 
[33mLockIcon[39m[33m,[39m [33mCropIcon[39m[33m,[39m 
[33mEyeOpenIcon[39m[33m,[39m 
[33mClockIcon[39m[33m,[39m [33mDotIcon[39m[33m,[39m 
[33mBoltIcon[39m[33m,[39m 
[33mCheckmarkCircleIcon[39m[33m,[39m 
[33mPinFilledIcon[39m[33m,[39m 
[33mPinIcon[39m[33m,[39m [33mRestoreIcon[39m[33m,[39m 
[33mCloseCircleIcon[39m[33m,[39m 
[33mUnarchiveIcon[39m[33m,[39m 
[33mArchiveIcon[39m[33m,[39m 
[33mArrowUpIcon[39m[33m,[39m 
[33mControlsIcon[39m[33m,[39m 
[33mSpinnerIcon[39m[33m,[39m 
[33mArrowLeftIcon[39m[33m,[39m 
[33mSortIcon[39m[33m,[39m 
[33mComposeSparklesIcon[39m[33m,[39m 
[33mUnlockIcon[39m[33m,[39m 
[33mClipboardIcon[39m[33m,[39m 
[33mStringIcon[39m[33m,[39m 
[33mNumberIcon[39m[33m,[39m 
[33mBlockContentIcon[39m[33m,[39m 
[33mUndoIcon[39m[33m,[39m [33mUnlinkIcon[39m[33m,[39m 
[33mLinkRemovedIcon[39m[33m,[39m 
[33mAddCommentIcon[39m[33m,[39m 
[33mCommentIcon[39m[33m,[39m 
[33mSelectIcon[39m[33m,[39m [33mTaskIcon[39m[33m,[39m 
[33mUserIcon[39m[33m,[39m [33mDesktopIcon[39m[33m,[39m 
[33mMoonIcon[39m[33m,[39m [33mSunIcon[39m[33m,[39m 
[33mEyeClosedIcon[39m[33m,[39m 
[33mDoubleChevronRightIcon[39m[33m,[39m 
[33mAddUserIcon[39m[33m,[39m [33mCogIcon[39m[33m,[39m 
[33mLeaveIcon[39m[33m,[39m [33mUsersIcon[39m[33m,[39m 
[33mGithubIcon[39m[33m,[39m 
[33mRefreshIcon[39m[33m,[39m [33mMenuIcon[39m } 
[36mfrom[39m [32m"@sanity/icons"[39m[33m;[39m
 [90m 14 |[39m [36mimport[39m { [33mResizeObserver[39m 
[36mas[39m [33mResizeObserver$2[39m } [36mfrom[39m 
[32m"@juggle/resize-observer"[39m[33m;[39m
 [90m 15 |[39m [36mimport[39m createPubSub [36mfrom[39m 
[32m"nano-pubsub"[39m[33m;[39m[0m



Import traces:
  Client Component Browser:
    ./node_modules/sanity/lib/index.js [Client Component 
Browser]
    ./sanity.config.ts [Client Component Browser]
    ./src/app/studio/[[...index]]/page.tsx [Client Component 
Browser]
    ./src/app/studio/[[...index]]/page.tsx [Server Component]

  Client Component SSR:
    ./node_modules/sanity/lib/index.js [Client Component SSR]
    ./sanity.config.ts [Client Component SSR]
    ./src/app/studio/[[...index]]/page.tsx [Client Component 
SSR]
    ./src/app/studio/[[...index]]/page.tsx [Server Component]

https://nextjs.org/docs/messages/module-not-found


    at ./node_modules/ 
(sanity/ui/dist/_chunks-es/_visual-editing.mjs:5:1)
    at <unknown> 
(https://nextjs.org/docs/messages/module-not-found)
    at ./node_modules/ (sanity/ui/dist/index.mjs:7:1)
    at <unknown> 
(https://nextjs.org/docs/messages/module-not-found)
    at ./node_modules/ 
(sanity/vision/lib/_chunks-es/SanityVision.js:18:1)
    at <unknown> 
(https://nextjs.org/docs/messages/module-not-found)
    ... collapsed 6 duplicate lines matching above 1 lines 6 
times...
